// Jest Snapshot v1, https://goo.gl/fbAQLP

exports[`App Test test test\` 1`] = `
<div>
  <div
    id="dummy"
  >
    <button>
      <mark
        class="selected"
      >
        B
      </mark>
      utton
    </button>
  </div>
  <div
    id="keys"
    style="display: flex;"
  >
    <input
      type="text"
      value="B"
    />
    <span
      id="count"
    >
      1
      /
      1
    </span>
  </div>
</div>
`;
